// Jest Snapshot v1, https://goo.gl/fbAQLP

exports[`<ImageSelector /> Renders the component to match the snapshot 1`] = `
<Styled(MuiBox)
  className="makeStyles-root-1"
  id="image-selector-box"
  onClick={[Function]}
  style={
    Object {
      "backgroundImage": "url(null)",
    }
  }
>
  <Component
    visible={true}
  />
</Styled(MuiBox)>
`;
